[akanikah.com/preview-tema/tosca.html]
[backblue.gif]
[fade.gif]
[index.html]
[cdn.jsdelivr.net/npm/bootstrap@5.2.1/dist/css/bootstrap.min.css]
[cdn.jsdelivr.net/npm/bootstrap-icons@1.9.1/font/bootstrap-icons.css]
[unpkg.com/aos@2.3.1/dist/aos.css]
[ajax.googleapis.com/ajax/libs/webfont/1.6.26/webfont.js]
[akanikah.com/front/images/favicon.png]
[akanikah.com/front/images/webclip.png]
[akanikah.com/front/tema-preview/tosca/img/photo.png]
[akanikah.com/preview-tema/img/batascover.png]
[akanikah.com/front/tema-preview/tosca/img/batasan.png]
[akanikah.com/front/tema-preview/tosca/img/batasanlok.png]
[akanikah.com/preview-tema/img/copyright 1.png]
[unpkg.com/aos@2.3.1/dist/aos.js]
[stackpath.bootstrapcdn.com/bootstrap/4.5.0/css/bootstrap.min.css]
[akanikah.com/preview-tema/tosca.html]
[code.jquery.com/jquery-3.5.1.min.js]
[cdn.jsdelivr.net/npm/bootstrap@5.2.1/dist/css/bootstrap.min.css]
[stackpath.bootstrapcdn.com/bootstrap/4.5.0/js/bootstrap.min.js]
[akanikah.com/front/tema-preview/tosca/img/Assetcol-6.png]
[akanikah.com/front/tema-preview/tosca/img/bg_img.png]
[akanikah.com/front/tema-preview/tosca/img/bgmempelai.png]
[akanikah.com/front/tema-preview/tosca/img/assetkiri.png]
[akanikah.com/front/tema-preview/tosca/img/bgbawah.png]
[akanikah.com/front/tema-preview/tosca/img/Assetatas.png]
[akanikah.com/front/tema-preview/tosca/img/bg-mepelai.png]
[akanikah.com/front/tema-preview/tosca/img/bg-mempelai2.png]
[akanikah.com/front/tema-preview/tosca/img/bg-mempelai3.png]
[akanikah.com/front/tema-preview/tosca/img/Union.png]
[akanikah.com/front/tema-preview/tosca/css/style.css]
[akanikah.com/front/tema-preview/soft-purple/css/normalize.css]
[akanikah.com/front/tema-preview/tosca/css/webflow.css]
[cdn.jsdelivr.net/npm/bootstrap-icons@1.9.1/font/fonts/bootstrap-iconsd862.woff2]
[cdn.jsdelivr.net/npm/bootstrap-icons@1.9.1/font/fonts/bootstrap-iconsd862.woff]
[cdn.jsdelivr.net/npm/bootstrap-icons@1.9.1/font/bootstrap-icons.css]
[unpkg.com/aos@2.3.1/dist/aos.css]
[akanikah.com/front/tema-preview/tosca/css/player.css]
[akanikah.com/preview-tema/img/batascover.html]
[akanikah.com/preview-tema/img/copyright 1.html]
[stackpath.bootstrapcdn.com/bootstrap/4.5.0/css/bootstrap.min.css]
[akanikah.com/preview-tema/script.html]
